Return	[]
Return	[]
Return	[]
Return	["## Type: ip  "]
Return	["##Type: ip"]
Return	["## Type: sdf  ", "## Default: sdf"]
Return	["## Type", "##Def"]
