Return	
Return	
Return	
Return	file
Return	
Return	file
Return	x$file
Return	$varx$file
