Return	
Return	
Return	
Return	var
Return	var
Return	
Return	var
Return	
