Return	$[]
Return	$[]
Return	$[]
Return	$["Type":"abc"]
Return	$["Default":"x", "Type":"abc"]
Return	$["Default":"x", "Type":"abc"]
