Return	nil
Return	
Return	
Return	var
Return	var
Return	v  a  r
Return	va r
Return	var
